[2024-08-16 00:00:00] ========================================
[2024-08-16 00:00:00] 🐙 GITHUB CLONE — Server Started
[2024-08-16 00:00:00] 🚀 D4 Ultimate Architecture
[2024-08-16 00:00:00] 📡 الخادم يعمل على http://localhost:5000
[2024-08-16 00:00:00] 🔌 WebSocket يعمل على ws://localhost:5000
[2024-08-16 00:00:00] 🔄 الوضع: development
[2024-08-16 00:00:00] 📦 الإصدار: 2.0.0
[2024-08-16 00:00:00] ========================================

[2024-08-16 00:00:01] ✅ متصل بقاعدة البيانات MongoDB
[2024-08-16 00:00:01] 📁 تم إنشاء المجلد: logs
[2024-08-16 00:00:01] 📁 تم إنشاء المجلد: uploads
[2024-08-16 00:00:01] 📁 تم إنشاء المجلد: temp
[2024-08-16 00:00:01] 📁 تم إنشاء المجلد: backups
[2024-08-16 00:00:01] 📁 تم إنشاء المجلد: migrations

[2024-08-16 00:00:05] 🔌 عميل متصل: 7b3c8d9e-1234-5678-9abc-def012345678 (::1)
[2024-08-16 00:00:05] 🔐 مصادقة ناجحة: admin (::1)
[2024-08-16 00:00:05] 📥 GET /dashboard - 200
[2024-08-16 00:00:06] 📊 Dashboard — جاهز
[2024-08-16 00:00:06] 🔍 بحث: "react" - نوع: all - نتائج: 3

[2024-08-16 00:00:10] 🔌 عميل متصل: 8d4e9f01-2345-6789-abcd-ef0123456789 (192.168.1.100)
[2024-08-16 00:00:10] ❌ فشل مصادقة: unknown_user (192.168.1.100)
[2024-08-16 00:00:10] 📥 POST /api/auth/login - 401

[2024-08-16 00:00:15] ✅ تسجيل دخول ناجح: ahmed (192.168.1.100)
[2024-08-16 00:00:15] 📥 GET /api/repos - 200
[2024-08-16 00:00:15] 📂 انضم إلى المستودع: 67a8b9c0-1234-5678-9abc-def012345678 (8d4e9f01-2345-6789-abcd-ef0123456789)

[2024-08-16 00:00:20] ✅ تم إنشاء مستودع: test-project بواسطة ahmed
[2024-08-16 00:00:20] 📥 POST /api/repos - 201
[2024-08-16 00:00:20] 🐛 قضية جديدة: إصلاح خلل في واجهة المستخدم (67a8b9c0-1234-5678-9abc-def012345678)
[2024-08-16 00:00:21] 💬 تعليق جديد: "سأعمل على هذا..." (67a8b9c0-1234-5678-9abc-def012345678)

[2024-08-16 00:00:25] ✅ تم إنشاء طلب سحب #1 في test-project
[2024-08-16 00:00:25] 📥 POST /api/pulls - 201
[2024-08-16 00:00:25] 🔀 طلب سحب جديد: إضافة ميزة جديدة (67a8b9c0-1234-5678-9abc-def012345678)

[2024-08-16 00:00:30] 📥 GET /api/search?q=javascript - 200
[2024-08-16 00:00:30] 🔍 بحث: "javascript" - نوع: all - نتائج: 5

[2024-08-16 00:00:35] 📥 GET /api/repos/67a8b9c0-1234-5678-9abc-def012345678 - 200
[2024-08-16 00:00:35] 📂 عرض المستودع: test-project

[2024-08-16 00:00:40] 📥 GET /api/issues?repoId=67a8b9c0-1234-5678-9abc-def012345678 - 200
[2024-08-16 00:00:40] 📋 تم جلب 3 قضايا

[2024-08-16 00:00:45] ✅ تم تحديث القضية #2: تغيير الحالة إلى closed
[2024-08-16 00:00:45] 📥 PUT /api/issues/2 - 200

[2024-08-16 00:00:50] 📥 POST /api/repos/67a8b9c0-1234-5678-9abc-def012345678/star - 200
[2024-08-16 00:00:50] ⭐ تم إضافة نجمة للمستودع test-project

[2024-08-16 00:00:55] 📥 GET /api/users/ahmed - 200
[2024-08-16 00:00:55] 👤 عرض الملف الشخصي: ahmed

[2024-08-16 00:01:00] 📥 POST /api/auth/logout - 200
[2024-08-16 00:01:00] 👋 تسجيل خروج: ahmed

[2024-08-16 00:01:05] 🔌 عميل غير متصل: 8d4e9f01-2345-6789-abcd-ef0123456789
[2024-08-16 00:01:05] 🔌 عميل غير متصل: 7b3c8d9e-1234-5678-9abc-def012345678

[2024-08-16 00:05:00] 📨 استقبال Webhook: push من facebook/react
[2024-08-16 00:05:00] ✅ تحديث مستودع react - 3 commits

[2024-08-16 00:10:00] 📨 استقبال Webhook: issues من vuejs/vue
[2024-08-16 00:10:00] ✅ قضية opened: #456

[2024-08-16 00:15:00] 📨 استقبال Webhook: pull_request من angular/angular
[2024-08-16 00:15:00] ✅ طلب سحب opened: #789

[2024-08-16 00:20:00] ⚠️ 404: GET /unknown-path - ::1
[2024-08-16 00:20:00] 📥 GET /unknown-path - 404

[2024-08-16 00:30:00] ❌ خطأ غير متوقع: Cannot read property 'id' of undefined
[2024-08-16 00:30:00] ❌ استثناء غير متوقع: TypeError: Cannot read property 'id' of undefined
[2024-08-16 00:30:00] 📥 GET /api/repos/undefined - 500

[2024-08-16 00:45:00] ✅ تم إعادة تشغيل الخادم تلقائياً
[2024-08-16 00:45:00] 🔄 إعادة تشغيل بسبب خطأ غير متوقع

[2024-08-16 01:00:00] 📊 إحصائيات الخادم:
[2024-08-16 01:00:00]    - الطلبات: 1,234
[2024-08-16 01:00:00]    - المستخدمون النشطون: 45
[2024-08-16 01:00:00]    - المستودعات: 127
[2024-08-16 01:00:00]    - القضايا: 342
[2024-08-16 01:00:00]    - طلبات السحب: 156
[2024-08-16 01:00:00]    - متوسط زمن الاستجابة: 124ms

[2024-08-16 02:00:00] 🟢 حالة النظام: جيد
[2024-08-16 02:00:00]    - استخدام CPU: 12%
[2024-08-16 02:00:00]    - استخدام الذاكرة: 45%
[2024-08-16 02:00:00]    - استخدام القرص: 34%
[2024-08-16 02:00:00]    - عدد العمليات: 8

[2024-08-16 03:00:00] 📨 استقبال Webhook: star من tensorflow/tensorflow
[2024-08-16 03:00:00] ✅ نجمة added: tensorflow/tensorflow

[2024-08-16 04:00:00] 📨 استقبال Webhook: fork من microsoft/vscode
[2024-08-16 04:00:00] ✅ نسخ: microsoft/vscode -> user/vscode

[2024-08-16 05:00:00] 🛑 استلام إشارة SIGTERM، جاري الإغلاق...
[2024-08-16 05:00:00] ✅ تم إغلاق الخادم
[2024-08-16 05:00:00] ✅ تم إغلاق قاعدة البيانات

[2024-08-16 05:00:05] ========================================
[2024-08-16 05:00:05] 🐙 GITHUB CLONE — Server Started
[2024-08-16 05:00:05] 🚀 D4 Ultimate Architecture
[2024-08-16 05:00:05] 📡 الخادم يعمل على http://localhost:5000
[2024-08-16 05:00:05] 🔌 WebSocket يعمل على ws://localhost:5000
[2024-08-16 05:00:05] ========================================

[2024-08-16 05:00:06] ✅ متصل بقاعدة البيانات MongoDB

[2024-08-16 06:00:00] 📊 إحصائيات الخادم:
[2024-08-16 06:00:00]    - الطلبات: 2,456
[2024-08-16 06:00:00]    - المستخدمون النشطون: 67
[2024-08-16 06:00:00]    - المستودعات: 189
[2024-08-16 06:00:00]    - القضايا: 501
[2024-08-16 06:00:00]    - طلبات السحب: 234
[2024-08-16 06:00:00]    - متوسط زمن الاستجابة: 98ms

[2024-08-16 07:00:00] 🟢 حالة النظام: ممتاز
[2024-08-16 07:00:00]    - استخدام CPU: 8%
[2024-08-16 07:00:00]    - استخدام الذاكرة: 38%
[2024-08-16 07:00:00]    - استخدام القرص: 34%
[2024-08-16 07:00:00]    - عدد العمليات: 6

[2024-08-16 08:00:00] 📨 استقبال Webhook: push من nodejs/node
[2024-08-16 08:00:00] ✅ تحديث مستودع node - 5 commits

[2024-08-16 09:00:00] ✅ تسجيل دخول ناجح: sara (192.168.1.101)
[2024-08-16 09:00:00] 📥 GET /dashboard - 200

[2024-08-16 10:00:00] ✅ تم إنشاء مستودع: ai-project بواسطة sara
[2024-08-16 10:00:00] 📥 POST /api/repos - 201

[2024-08-16 11:00:00] 📥 POST /api/auth/logout - 200
[2024-08-16 11:00:00] 👋 تسجيل خروج: sara

[2024-08-16 12:00:00] 📊 إحصائيات الخادم:
[2024-08-16 12:00:00]    - الطلبات: 3,789
[2024-08-16 12:00:00]    - المستخدمون النشطون: 89
[2024-08-16 12:00:00]    - المستودعات: 234
[2024-08-16 12:00:00]    - القضايا: 623
[2024-08-16 12:00:00]    - طلبات السحب: 289
[2024-08-16 12:00:00]    - متوسط زمن الاستجابة: 87ms

[2024-08-16 13:00:00] 🔌 عميل متصل: 9e0f1a2b-3456-789a-bcde-f01234567890 (10.0.0.5)

[2024-08-16 14:00:00] ❌ فشل مصادقة: hacker (10.0.0.5)
[2024-08-16 14:00:00] ⚠️ محاولة وصول غير مصرح: hacker (/api/repos)

[2024-08-16 15:00:00] ✅ تم إنشاء مستودع: security-fix بواسطة admin
[2024-08-16 15:00:00] 🔒 تم تحديث إعدادات الأمان للمستودع security-fix

[2024-08-16 16:00:00] 📨 استقبال Webhook: create من vercel/next.js
[2024-08-16 16:00:00] ✅ إنشاء فرع: feature/new-routing في vercel/next.js

[2024-08-16 17:00:00] 🟢 حالة النظام: ممتاز
[2024-08-16 17:00:00]    - استخدام CPU: 6%
[2024-08-16 17:00:00]    - استخدام الذاكرة: 42%
[2024-08-16 17:00:00]    - استخدام القرص: 35%

[2024-08-16 18:00:00] ✅ تم تحديث المستودع: react (facebook/react)
[2024-08-16 18:00:00] 📥 PUT /api/repos/react - 200

[2024-08-16 19:00:00] 📥 GET /api/search?q=typescript - 200
[2024-08-16 19:00:00] 🔍 بحث: "typescript" - نوع: all - نتائج: 7

[2024-08-16 20:00:00] ✅ تسجيل دخول ناجح: mohamed (192.168.1.102)
[2024-08-16 20:00:00] 📂 انضم إلى المستودع: 78b9c0d1-2345-6789-abcd-ef0123456789

[2024-08-16 21:00:00] ✅ تم إنشاء قضية جديدة #67: إصلاح ثغرة أمنية
[2024-08-16 21:00:00] 📥 POST /api/issues - 201

[2024-08-16 22:00:00] 📊 إحصائيات الخادم:
[2024-08-16 22:00:00]    - الطلبات: 5,234
[2024-08-16 22:00:00]    - المستخدمون النشطون: 112
[2024-08-16 22:00:00]    - المستودعات: 301
[2024-08-16 22:00:00]    - القضايا: 789
[2024-08-16 22:00:00]    - طلبات السحب: 345
[2024-08-16 22:00:00]    - متوسط زمن الاستجابة: 76ms

[2024-08-16 23:00:00] 📨 استقبال Webhook: watch من rust-lang/rust
[2024-08-16 23:00:00] ✅ متابعة started: rust-lang/rust

[2024-08-16 23:59:59] 📊 إحصائيات اليوم:
[2024-08-16 23:59:59]    - إجمالي الطلبات: 5,678
[2024-08-16 23:59:59]    - مستخدمون جدد: 23
[2024-08-16 23:59:59]    - مستودعات جديدة: 45
[2024-08-16 23:59:59]    - قضايا جديدة: 67
[2024-08-16 23:59:59]    - طلبات سحب جديدة: 34
[2024-08-16 23:59:59]    - متوسط زمن الاستجابة: 82ms
[2024-08-16 23:59:59]    - وقت التشغيل: 23h 59m 59s

[2024-08-16 23:59:59] ✅ انتهاء اليوم بنجاح 🚀